[backblue.gif]
[fade.gif]
[index.html]
[static-media.hotmart.com/45qOFahtOEk4npmH9P64UDnIH4E=/filters_quality(1)_format(webp)/klickart-prod/uploads/media/file/7444496/cpia_de_destaques__(1080_x_1080_px).png]
[static-media.hotmart.com/ToG0PgjuBWxAW3QNX_Heo8E1UzU=/filters_quality(1)_format(webp)/klickart-prod/uploads/media/file/7444324/2.png]
[static-media.hotmart.com/ZVCNJ-PVHkMztXR3Ko4jLIjA2SI=/filters_quality(1)_format(webp)/klickart-prod/uploads/media/file/7444320/1.png]
[static-media.hotmart.com/G8zyrRFpy4L-Jnn6KWpxwFmbC_0=/filters_quality(1)_format(webp)/klickart-prod/uploads/media/file/7444321/4.png]
[static-media.hotmart.com/cb9LloCcy9ohLaijDTttFKb-yto=/filters_quality(1)_format(webp)/klickart-prod/uploads/media/file/7444322/3.png]
[static-media.hotmart.com/UdIJnJi4HkRgrRW_bqrOOd3M_YQ=/filters_quality(1)_format(webp)/klickart-prod/uploads/media/file/7444323/6.png]
[static-media.hotmart.com/adVR_UAiakunKHcUdVlNfPsUcKw=/filters_quality(1)_format(webp)/klickart-prod/uploads/media/file/7444325/5.png]
[static-media.hotmart.com/M-Wpmr6vyJEHUOqVSPdp9Rd69e4=/filters_quality(1)_format(webp)/klickart-prod/uploads/media/file/5321023/pagamento-vendas_assets_template-orange-chic.png]
[static-media.hotmart.com/uVQi2FQR16ShDkqI9dUhiGdLMWQ=/filters_quality(1)_format(webp)/klickart-prod/uploads/media/file/6073610/cris_menezes.png]
[static-media.hotmart.com/to4vvFo_a6nlUesa2riHufyIqXo=/filters_quality(1)_format(webp)/klickart-prod/uploads/media/file/7446913/design_sem_nome_(1).png]
[static-media.hotmart.com/I69CsLedRV_HBTtIrvzn_EM2TVM=/filters_quality(1)_format(webp)/klickart-prod/uploads/media/file/7445227/post_agosto_(story).png]
[static-media.hotmart.com/8BrUDalzzw9ZiAVUftE63IKIQuM=/filters_quality(1)_format(webp)/klickart-prod/uploads/media/file/7832074/depoimentos.png]
[espacoandara.kpages.online/cadernodeatividades.html]
[launcher.hotmart.com/launcher.html]
[espacoandara.kpages.online/POST.html]
